PHP 8.3.6 (cli) (built: Mar 20 2026 02:32:55) (NTS)
# dimensions: 120x40 (120x40)
# example: boxer
---
○ Panel A Status: idle                  ◉ Panel [B] Status: FOCUSED             ○ Panel C Status: idle                  
────────────────────── Content area for ────────────────────── Content area for ────────────────────── Content area for 
panel A                                 panel B                                 panel C                                 
                                                                                                                        
                                                                                                                        
                                                                                                                        
                                                                                                                        
                                                                                                                        
                                                                                                                        
                                                                                                                        
                                                                                                                        
                                                                                                                        
                                                                                                                        
                                                                                                                        
                                                                                                                        
                                                                                                                        
                                                                                                                        
                                                                                                                        
                                                                                                                        
                                                                                                                        
                                                                                                                        
                                                                                                                        
                                                                                                                        
                                                                                                                        
                                                                                                                        
                                                                                                                        
                                                                                                                        
                                                                                                                        
                                                                                                                        
                                                                                                                        
                                                                                                                        
                                                                                                                        
                                                                                                                        
                                                                                                                        
                                                                                                                        
                                                                                                                        
                                                                                                                        
                                                                                                                        
                                                                                                                        
                                                                                                                        
Focus: [A] ○  [B] ◉  [C] ○   ← Tab to rotate focus
