PHP 8.3.6 (cli) (built: Mar 20 2026 02:32:55) (NTS)
# dimensions: 120x40 (120x40)
# example: dashboard-media
---
PHP Fatal error:  Uncaught Error: Class "SugarCraft\Dash\Layout\Grid\StackedGrid" not found in /tmp/golden_dashboard-media_120x40.php:15
Stack trace:
#0 {main}
  thrown in /tmp/golden_dashboard-media_120x40.php on line 15
