╭────────────╮  ┌──────────────────────┐
│            │  │ hold:                │
│            │  │                      │
│            │  │                      │
│            │  └──────────────────────┘
│            │  ┌──────────────────────┐
│            │  │ next:                │
│            │  │   [48;2;189;125;255m  [0m                 │
│            │  │ [48;2;189;125;255m  [0m[48;2;189;125;255m  [0m[48;2;189;125;255m  [0m               │
│            │  │                      │
│            │  │   [48;2;0;255;94m  [0m[48;2;0;255;94m  [0m               │
│            │  │ [48;2;0;255;94m  [0m[48;2;0;255;94m  [0m                 │
│            │  │                      │
│            │  │ [48;2;255;0;48m  [0m[48;2;255;0;48m  [0m                 │
│            │  │   [48;2;255;0;48m  [0m[48;2;255;0;48m  [0m               │
│            │  └──────────────────────┘
│            │  ┌──────────────────────┐
│            │  │ score:  0            │
│            │  │ lines:  0            │
│     [0;38;2;255;212;0;2m▒[0;38;2;255;212;0;2m▒[0m     │  │ level:  0            │
│     [0;38;2;255;212;0;2m▒[0;38;2;255;212;0;2m▒[0m     │  └──────────────────────┘
╰────────────╯  ┌──────────────────────┐
                │ ← →  move            │
                │ ↑ x  rotate cw       │
                │ z    rotate ccw      │
                │ ↓    soft drop       │
                │ spc  hard drop       │
                │ c    hold            │
                │ p    pause           │
                │ q    quit            │
                └──────────────────────┘